[sanatandharmajagruti.in/index.html]
[backblue.gif]
[fade.gif]
[index.html]
[sanatandharmajagruti.in/css/mainec0d.css]
[code.jquery.com/jquery-2.2.4.min.js]
[cdnjs.cloudflare.com/ajax/libs/font-awesome/4.7.0/css/font-awesome.min.css]
[sanatandharmajagruti.in/css-loader-master/dist/css-loaderec0d.css]
[cdnjs.cloudflare.com/ajax/libs/jquery-toast-plugin/1.3.2/jquery.toast.css]
[cdn.jsdelivr.net/npm/sweetalert2@11.0.18/dist/sweetalert2.min.css]
[cdnjs.cloudflare.com/ajax/libs/Swiper/4.3.5/js/swiper.min.js]
[ajax.googleapis.com/ajax/libs/jquery/3.5.1/jquery.min.js]
[maxcdn.bootstrapcdn.com/bootstrap/4.5.2/js/bootstrap.min.js]
[cdnjs.cloudflare.com/ajax/libs/popper.js/1.16.0/umd/popper.min.js]
[cdnjs.cloudflare.com/ajax/libs/jquery-toast-plugin/1.3.2/jquery.toast.min.js]
[cdnjs.cloudflare.com/ajax/libs/jquery-toast-plugin/1.3.2/jquery.toast.js]
[cdn.jsdelivr.net/npm/sweetalert2@11.0.18/dist/sweetalert2.min.js]
[sanatandharmajagruti.in/css/indexec0d.css]
[sanatandharmajagruti.in/css/gallery_sliderec0d.css]
[sanatandharmajagruti.in/manifest.json]
[unpkg.com/aos@3.0.0-beta.6/dist/aos.css]
[img.icons8.com/color/70/000000/whatsapp--v1.png]
[sanatandharmajagruti.in/donation.html]
[sanatandharmajagruti.in/index-2.html]
[sanatandharmajagruti.in/webimg/LOGO _02282024155556.png]
[sanatandharmajagruti.in/admin-login.html]
[sanatandharmajagruti.in/users-apply-form.html]
[sanatandharmajagruti.in/gallery.html]
[sanatandharmajagruti.in/id-card-download.html]
[sanatandharmajagruti.in/upcoming-event.html]
[sanatandharmajagruti.in/donation_form.html]
[sanatandharmajagruti.in/donars.html]
[sanatandharmajagruti.in/contact-us.html]
[sanatandharmajagruti.in/aboutus.html]
[sanatandharmajagruti.in/management-team.html]
[sanatandharmajagruti.in/our-team.html]
[sanatandharmajagruti.in/crowdfunding.html]
[sanatandharmajagruti.in/solutions.html]
[sanatandharmajagruti.in/complain-form.html]
[sanatandharmajagruti.in/our-project.html]
[sanatandharmajagruti.in/user-registration.html]
[sanatandharmajagruti.in/user-login.html]
[sanatandharmajagruti.in/coordinator-login.html]
[ajax.googleapis.com/ajax/libs/jquery/3.6.4/jquery.min.js]
[sanatandharmajagruti.in/testinomial-img/Screenshot_2024-03-06-21-07-04-80_6012fa4d4ddec268fc5c7112cbb265e7_0362024164141.jpg]
[sanatandharmajagruti.in/testinomial-img/Shri Ram Mandir_12272023075723.jpg]
[sanatandharmajagruti.in/testinomial-img/Image SDJVP_12272023075635.jpg]
[sanatandharmajagruti.in/testinomial-img/20240306_221806_0362024170139.jpg]
[sanatandharmajagruti.in/testinomial-img/IMG-20240602-WA0149_0622024093045.jpg]
[sanatandharmajagruti.in/council_form.html]
[sanatandharmajagruti.in/user_img/IMG-20240102-WA0044_0892024010938.jpg]
[sanatandharmajagruti.in/webimg/Screenshot_2023-12-23-21-09-40-012_com.google.android.apps.photos-edit_12232023154505.jpg]
[sanatandharmajagruti.in/webimg/Image_12162023114331.jpg]
[sanatandharmajagruti.in/userimg/1000045228_09102024152338.jpg]
[sanatandharmajagruti.in/userimg/1000045046_09102024094150.jpg]
[sanatandharmajagruti.in/userimg/Videoshot_20240818_080435_0992024100839.jpg]
[sanatandharmajagruti.in/userimg/c836a7f8-968b-4fab-887e-5f0548940d67_0962024232311.jpg]
[sanatandharmajagruti.in/userimg/1000043517_0962024170832.jpg]
[sanatandharmajagruti.in/webimg/president_12132023112057.jpg]
[sanatandharmajagruti.in/motive48f8.html]
[sanatandharmajagruti.in/motive-img/ram-bhagwan-png_12152023111021.png]
[sanatandharmajagruti.in/motivee37a.html]
[sanatandharmajagruti.in/motive-img/Social Welfare_04252023121745.jpg]
[sanatandharmajagruti.in/motive7cda.html]
[sanatandharmajagruti.in/motive-img/Health & Research_04252023121713.jpg]
[sanatandharmajagruti.in/motiveac44.html]
[sanatandharmajagruti.in/motive-img/Education & Training_04252023121634.jpg]
[sanatandharmajagruti.in/motivec24b.html]
[sanatandharmajagruti.in/motive-img/Human Rights_04252023121538.jpg]
[sanatandharmajagruti.in/motive2050.html]
[sanatandharmajagruti.in/motive-img/Anti Crime_04252023121458.jpg]
[maxcdn.bootstrapcdn.com/font-awesome/4.6.3/css/font-awesome.min.css]
[sanatandharmajagruti.in/timeline-img/cow_12112023102043.jpg]
[sanatandharmajagruti.in/timeline-img/1cow_12112023102043.jpg]
[sanatandharmajagruti.in/timeline-img/1000015152_12312023164652.jpg]
[sanatandharmajagruti.in/timeline-img/IMG-20240116-WA0003_01152024191852.jpg]
[sanatandharmajagruti.in/timeline-img/IMG-20240117-WA0113_01172024153901.jpg]
[sanatandharmajagruti.in/timeline-img/IMG-20240117-WA0111_01172024153901.jpg]
[sanatandharmajagruti.in/timeline-img/IMG-20240117-WA0110_01172024153901.jpg]
[sanatandharmajagruti.in/timeline-img/IMG-20240117-WA0112_01172024153901.jpg]
[sanatandharmajagruti.in/timeline-img/Screenshot_2024-01-11-22-47-28-85_a23b203fd3aafc6dcb84e438dda678b6_01212024174352.jpg]
[sanatandharmajagruti.in/timeline-img/IMG20240122190753_01222024140208.jpg]
[sanatandharmajagruti.in/timeline-img/IMG20240122190705_01222024140208.jpg]
[sanatandharmajagruti.in/timeline-img/IMG20240122190701_01222024140208.jpg]
[sanatandharmajagruti.in/timeline-img/IMG20240122190645_01222024140208.jpg]
[sanatandharmajagruti.in/timeline-img/IMG20240122190436_01222024140208.jpg]
[sanatandharmajagruti.in/timeline-img/crafto_1706035770342_01232024184946.jpg]
[sanatandharmajagruti.in/timeline-img/crafto_1706289536384_01262024172212.jpg]
[sanatandharmajagruti.in/timeline-img/crafto_1706289528716_01262024172212.jpg]
[sanatandharmajagruti.in/timeline-img/crafto_1706289476190_01262024172212.jpg]
[sanatandharmajagruti.in/timeline-img/crafto_1706289450528_01262024172212.jpg]
[sanatandharmajagruti.in/timeline-img/crafto_1706289431951_01262024172212.jpg]
[sanatandharmajagruti.in/timeline-img/IMG20240408202719_0492024151656.jpg]
[sanatandharmajagruti.in/timeline-img/IMG20240408202524_0492024152102.jpg]
[sanatandharmajagruti.in/timeline-img/IMG20240408202613_0492024152140.jpg]
[sanatandharmajagruti.in/timeline-img/IMG20240408202537_0492024152140.jpg]
[sanatandharmajagruti.in/timeline-img/IMG20240602122743_0622024105536.jpg]
[sanatandharmajagruti.in/timeline-img/IMG20240602121440_0622024110257.jpg]
[sanatandharmajagruti.in/timeline-img/IMG-20240811-WA0068_08112024171751.jpg]
[sanatandharmajagruti.in/timeline-img/IMG-20240811-WA0067_08112024171751.jpg]
[sanatandharmajagruti.in/timeline-img/IMG-20240811-WA0066_08112024171751.jpg]
[sanatandharmajagruti.in/timeline-img/IMG-20240811-WA0062_08112024171751.jpg]
[sanatandharmajagruti.in/timeline-img/IMG-20240811-WA0061_08112024171751.jpg]
[sanatandharmajagruti.in/timeline-img/crafto_1723659656603_08142024182322.jpg]
[sanatandharmajagruti.in/timeline-img/crafto_1723659645379_08142024182322.jpg]
[sanatandharmajagruti.in/timeline-img/Happy Independence Day627_494_08142024182322.jpg]
[sanatandharmajagruti.in/timeline-img/20240814_233859_08142024182322.jpg]
[sanatandharmajagruti.in/timeline-img/20240814_233722_08142024182322.jpg]
[cdnjs.cloudflare.com/ajax/libs/owl-carousel/1.3.3/owl.carousel.min.css]
[cdnjs.cloudflare.com/ajax/libs/owl-carousel/1.3.3/owl.theme.min.css]
[sanatandharmajagruti.in/testinomial-img/IMG_20240227_171309_0422024140000.jpg]
[sanatandharmajagruti.in/testinomial-img/IMG-20240102-WA0044_0162024095520.jpg]
[cdnjs.cloudflare.com/ajax/libs/owl-carousel/1.3.3/owl.carousel.min.js]
[sanatandharmajagruti.in/term_condition.html]
[sanatandharmajagruti.in/privacy-policy.html]
[sanatandharmajagruti.in/disclaimer.html]
[sanatandharmajagruti.in/refund_policy.html]
[sanatandharmajagruti.in/appec0d.js]
[sanatandharmajagruti.in/index.html]
[sanatandharmajagruti.in/css/mainec0d.css]
[cdnjs.cloudflare.com/ajax/libs/font-awesome/4.7.0/css/font-awesome.min.css]
[sanatandharmajagruti.in/css-loader-master/dist/css-loaderec0d.css]
[cdnjs.cloudflare.com/ajax/libs/jquery-toast-plugin/1.3.2/jquery.toast.css]
[cdn.jsdelivr.net/npm/sweetalert2@11.0.18/dist/sweetalert2.min.css]
[unpkg.com/aos@3.0.0-beta.6/dist/aos.css]
[sanatandharmajagruti.in/css/indexec0d.css]
[unpkg.com/aos@3.0.0-beta.6/dist/aos.js]
[sanatandharmajagruti.in/css/gallery_sliderec0d.css]
[sanatandharmajagruti.in/css/timeline_sliderec0d.css]
[sanatandharmajagruti.in/css/main1907.css]
[sanatandharmajagruti.in/css-loader-master/dist/css-loader1907.css]
[sanatandharmajagruti.in/css/user-form1907.css]
[sanatandharmajagruti.in/css/index1907.css]
[sanatandharmajagruti.in/webimg/WhatsApp Image 2023-12-13 at 13.19.16_44dda7a2_12132023075026.jpg]
[sanatandharmajagruti.in/donation.html]
[sanatandharmajagruti.in/css/main8023.css]
[sanatandharmajagruti.in/css-loader-master/dist/css-loader8023.css]
[sanatandharmajagruti.in/css/index8023.css]
[sanatandharmajagruti.in/css/gallery_slider8023.css]
[sanatandharmajagruti.in/app8023.js]
[sanatandharmajagruti.in/index-2.html]
[www.google.com/recaptcha/api.js]
[sanatandharmajagruti.in/css/maina340.css]
[sanatandharmajagruti.in/css-loader-master/dist/css-loadera340.css]
[sanatandharmajagruti.in/css/admin-logina340.css]
[sanatandharmajagruti.in/css/indexa340.css]
[sanatandharmajagruti.in/admin.php]
[sanatandharmajagruti.in/admin-login.html]
[sanatandharmajagruti.in/css/user-forma340.css]
[sanatandharmajagruti.in/js/cities.js]
[sanatandharmajagruti.in/users-apply-form.html]
[checkout.razorpay.com/v1/checkout.js]
[maxcdn.bootstrapcdn.com/bootstrap/3.4.1/css/bootstrap.min.css]
[cdn.jsdelivr.net/npm/bootstrap@5.0.0-alpha1/dist/css/bootstrap.min.css]
[maxcdn.bootstrapcdn.com/bootstrap/3.4.1/js/bootstrap.min.js]
[sanatandharmajagruti.in/gallery.html]
[cdn.jsdelivr.net/npm/bootstrap@5.0.0-alpha1/dist/js/bootstrap.bundle.min.js]
[sanatandharmajagruti.in/css/index2602.css]
[sanatandharmajagruti.in/css/main2602.css]
[sanatandharmajagruti.in/css-loader-master/dist/css-loader2602.css]
[sanatandharmajagruti.in/css/card2602.css]
[kendo.cdn.telerik.com/2017.2.621/js/kendo.all.min.js]
[sanatandharmajagruti.in/font/Amiko-Regular.ttf]
[sanatandharmajagruti.in/print-user-card-two.html]
[sanatandharmajagruti.in/print-certificate-two.html]
[sanatandharmajagruti.in/id-card-download.html]
[sanatandharmajagruti.in/print-member-certificate-direct.html]
[sanatandharmajagruti.in/css/objective2602.css]
[sanatandharmajagruti.in/timeline-img/1000005211_12312023181656.jpg]
[sanatandharmajagruti.in/timeline-img/1000017410_12312023163700.jpg]
[sanatandharmajagruti.in/upcoming-event.html]
[sanatandharmajagruti.in/css/user-form2602.css]
[sanatandharmajagruti.in/donation_form.html]
[sanatandharmajagruti.in/css/index67b4.css]
[sanatandharmajagruti.in/css/card_style67b4.css]
[sanatandharmajagruti.in/css/main67b4.css]
[sanatandharmajagruti.in/css-loader-master/dist/css-loader67b4.css]
[sanatandharmajagruti.in/donars.html]
[sanatandharmajagruti.in/css/user-form67b4.css]
[cdn.ckeditor.com/4.16.2/standard/ckeditor.js]
[sanatandharmajagruti.in/Description]
[sanatandharmajagruti.in/contact-us.html]
[sanatandharmajagruti.in/css/about-us67b4.css]
[sanatandharmajagruti.in/timeline-img/IMG20240122190705_01232024190256.jpg]
[sanatandharmajagruti.in/aboutus.html]
[sanatandharmajagruti.in/css/management-teamb958.css]
[sanatandharmajagruti.in/css/indexb958.css]
[sanatandharmajagruti.in/css/card_styleb958.css]
[sanatandharmajagruti.in/css/mainb958.css]
[sanatandharmajagruti.in/css-loader-master/dist/css-loaderb958.css]
[sanatandharmajagruti.in/management-team.html]
[sanatandharmajagruti.in/css/our-teamb958.css]
[sanatandharmajagruti.in/our-team.html]
[sanatandharmajagruti.in/css/objectiveb958.css]
[sanatandharmajagruti.in/crowdfunding.html]
[sanatandharmajagruti.in/css/upcoming-eventb958.css]
[sanatandharmajagruti.in/solutions.html]
[sanatandharmajagruti.in/css/mainb1e5.css]
[sanatandharmajagruti.in/css-loader-master/dist/css-loaderb1e5.css]
[sanatandharmajagruti.in/css/user-formb1e5.css]
[sanatandharmajagruti.in/complain-form.html]
[sanatandharmajagruti.in/css/indexb1e5.css]
[sanatandharmajagruti.in/css/objectiveb1e5.css]
[sanatandharmajagruti.in/motive-img/promote_11302023111652.png]
[sanatandharmajagruti.in/our-project.html]
[sanatandharmajagruti.in/user-registration.html]
[sanatandharmajagruti.in/css/main992c.css]
[sanatandharmajagruti.in/css-loader-master/dist/css-loader992c.css]
[sanatandharmajagruti.in/css/admin-login992c.css]
[sanatandharmajagruti.in/user-login.html]
[sanatandharmajagruti.in/css/index992c.css]
[sanatandharmajagruti.in/css/maine367.css]
[sanatandharmajagruti.in/css-loader-master/dist/css-loadere367.css]
[sanatandharmajagruti.in/css/admin-logine367.css]
[sanatandharmajagruti.in/css/indexe367.css]
[sanatandharmajagruti.in/coordinator-user-list.php]
[sanatandharmajagruti.in/coordinator-login.html]
[sanatandharmajagruti.in/css/main5342.css]
[sanatandharmajagruti.in/css-loader-master/dist/css-loader5342.css]
[sanatandharmajagruti.in/css/user-form5342.css]
[sanatandharmajagruti.in/council_form.html]
[sanatandharmajagruti.in/css/index5342.css]
[sanatandharmajagruti.in/css/objectiveb9ec.css]
[sanatandharmajagruti.in/motive48f8.html]
[sanatandharmajagruti.in/motivee37a.html]
[sanatandharmajagruti.in/css/indexb9ec.css]
[sanatandharmajagruti.in/css/objective380d.css]
[sanatandharmajagruti.in/motive7cda.html]
[sanatandharmajagruti.in/motiveac44.html]
[sanatandharmajagruti.in/css/index380d.css]
[sanatandharmajagruti.in/css/objective167f.css]
[sanatandharmajagruti.in/motivec24b.html]
[sanatandharmajagruti.in/motive2050.html]
[maxcdn.bootstrapcdn.com/font-awesome/4.6.3/css/font-awesome.min.css]
[sanatandharmajagruti.in/css/index167f.css]
[cdnjs.cloudflare.com/ajax/libs/owl-carousel/1.3.3/grabbing.png]
[cdnjs.cloudflare.com/ajax/libs/owl-carousel/1.3.3/owl.carousel.min.css]
[cdnjs.cloudflare.com/ajax/libs/owl-carousel/1.3.3/owl.theme.min.css]
[cdnjs.cloudflare.com/ajax/libs/owl-carousel/1.3.3/AjaxLoader.gif]
[sanatandharmajagruti.in/term_condition.html]
[sanatandharmajagruti.in/privacy-policy.html]
[sanatandharmajagruti.in/css/index869a.css]
[sanatandharmajagruti.in/disclaimer.html]
[sanatandharmajagruti.in/refund_policy.html]
[sanatandharmajagruti.in/appec0d.js]
[sanatandharmajagruti.in/css/indexbe51.css]
[sanatandharmajagruti.in/css/main1907.css]
[sanatandharmajagruti.in/css-loader-master/dist/css-loader1907.css]
[sanatandharmajagruti.in/css/user-form1907.css]
[sanatandharmajagruti.in/css/index1907.css]
[sanatandharmajagruti.in/css/main8023.css]
[sanatandharmajagruti.in/css-loader-master/dist/css-loader8023.css]
[sanatandharmajagruti.in/css/index8023.css]
[sanatandharmajagruti.in/css/gallery_slider8023.css]
[sanatandharmajagruti.in/css/timeline_slider8023.css]
[sanatandharmajagruti.in/app8023.js]
[sanatandharmajagruti.in/css/maina340.css]
[sanatandharmajagruti.in/css-loader-master/dist/css-loadera340.css]
[sanatandharmajagruti.in/css/admin-logina340.css]
[sanatandharmajagruti.in/css/indexa340.css]
[sanatandharmajagruti.in/css/user-forma340.css]
[sanatandharmajagruti.in/js/cities.js]
[maxcdn.bootstrapcdn.com/bootstrap/3.4.1/css/bootstrap.min.css]
[cdn.jsdelivr.net/npm/bootstrap@5.0.0-alpha1/dist/css/bootstrap.min.css]
[sanatandharmajagruti.in/css/index2602.css]
[sanatandharmajagruti.in/css/main2602.css]
[sanatandharmajagruti.in/css-loader-master/dist/css-loader2602.css]
[sanatandharmajagruti.in/css/card2602.css]
[sanatandharmajagruti.in/n]
[sanatandharmajagruti.in/docProps/app.xml]
[sanatandharmajagruti.in/docProps/core.xml]
[sanatandharmajagruti.in/xl/workbook.xml]
[sanatandharmajagruti.in/worksheets/sheet${idx}.xml]
[sanatandharmajagruti.in/styles.xml]
[sanatandharmajagruti.in/sharedStrings.xml]
[sanatandharmajagruti.in/core.xml]
[sanatandharmajagruti.in/app.xml]
[sanatandharmajagruti.in/workbook.xml]
[sanatandharmajagruti.in/sheet{0}.xml]
[sanatandharmajagruti.in/[Content_Types].xml]
[sanatandharmajagruti.in/GET]
[sanatandharmajagruti.in/POST]
[sanatandharmajagruti.in/youtube.com/_youtu.be/index.html]
[sanatandharmajagruti.in/_rels/workbook.xml]
[sanatandharmajagruti.in/xl/sharedStrings.xml]
[sanatandharmajagruti.in/xl/styles.xml]
[sanatandharmajagruti.in/CONFIDENCE.T]
[kendo.cdn.telerik.com/2017.2.621/js/kendo.all.min.js]
[html2canvas.hertzen.com/dist/html2canvas.min.js]
[sanatandharmajagruti.in/_ID_CARD.pdf]
[sanatandharmajagruti.in/print-user-card-two.html]
[cdnjs.cloudflare.com/ajax/libs/jspdf/2.4.0/jspdf.umd.min.js]
[ajax.googleapis.com/ajax/libs/jquery/3.6.0/jquery.min.js]
[sanatandharmajagruti.in/_Appointment_letter.png]
[sanatandharmajagruti.in/print-certificate-two.html]
[cdn.jsdelivr.net/npm/bootstrap@4.6.1/dist/css/bootstrap.min.css]
[cdn.jsdelivr.net/npm/jquery@3.5.1/dist/jquery.slim.min.js]
[cdn.jsdelivr.net/npm/popper.js@1.16.1/dist/umd/popper.min.js]
[cdn.jsdelivr.net/npm/bootstrap@4.6.1/dist/js/bootstrap.bundle.min.js]
[sanatandharmajagruti.in/_Certificate.e6.delayed]
[sanatandharmajagruti.in/print-member-certificate-direct.html]
[sanatandharmajagruti.in/css/objective2602.css]
[sanatandharmajagruti.in/css/user-form2602.css]
[sanatandharmajagruti.in/css/index67b4.css]
[sanatandharmajagruti.in/css/card_style67b4.css]
[sanatandharmajagruti.in/css/main67b4.css]
[sanatandharmajagruti.in/css-loader-master/dist/css-loader67b4.css]
[sanatandharmajagruti.in/css/user-form67b4.css]
[sanatandharmajagruti.in/Description.html]
[sanatandharmajagruti.in/css/about-us67b4.css]
[sanatandharmajagruti.in/css/management-teamb958.css]
[sanatandharmajagruti.in/css/indexb958.css]
[sanatandharmajagruti.in/css/card_styleb958.css]
[sanatandharmajagruti.in/css/mainb958.css]
[sanatandharmajagruti.in/css-loader-master/dist/css-loaderb958.css]
[sanatandharmajagruti.in/css/our-teamb958.css]
[sanatandharmajagruti.in/css/objectiveb958.css]
[sanatandharmajagruti.in/css/upcoming-eventb958.css]
[sanatandharmajagruti.in/css/mainb1e5.css]
[sanatandharmajagruti.in/css-loader-master/dist/css-loaderb1e5.css]
[sanatandharmajagruti.in/css/user-formb1e5.css]
[sanatandharmajagruti.in/css/indexb1e5.css]
[sanatandharmajagruti.in/css/objectiveb1e5.css]
[sanatandharmajagruti.in/css/main992c.css]
[sanatandharmajagruti.in/css-loader-master/dist/css-loader992c.css]
[sanatandharmajagruti.in/css/admin-login992c.css]
[sanatandharmajagruti.in/css/index992c.css]
[sanatandharmajagruti.in/css/maine367.css]
[sanatandharmajagruti.in/css-loader-master/dist/css-loadere367.css]
[sanatandharmajagruti.in/css/admin-logine367.css]
[sanatandharmajagruti.in/css/indexe367.css]
[sanatandharmajagruti.in/css/main5342.css]
[sanatandharmajagruti.in/css-loader-master/dist/css-loader5342.css]
[sanatandharmajagruti.in/css/user-form5342.css]
[sanatandharmajagruti.in/css/index5342.css]
[sanatandharmajagruti.in/css/objectiveb9ec.css]
[sanatandharmajagruti.in/css/indexb9ec.css]
[sanatandharmajagruti.in/css/objective380d.css]
[sanatandharmajagruti.in/css/index380d.css]
[sanatandharmajagruti.in/css/objective167f.css]
[sanatandharmajagruti.in/css/index167f.css]
[sanatandharmajagruti.in/css/all-conditions869a.css]
[sanatandharmajagruti.in/css/index869a.css]
[sanatandharmajagruti.in/css/all-conditionsbe51.css]
[sanatandharmajagruti.in/css/indexbe51.css]
[sanatandharmajagruti.in/n.html]
[sanatandharmajagruti.in/docProps/app.html]
[sanatandharmajagruti.in/docProps/core.html]
[sanatandharmajagruti.in/xl/workbook.html]
[sanatandharmajagruti.in/worksheets/sheet${idx}.html]
[sanatandharmajagruti.in/styles.html]
[sanatandharmajagruti.in/sharedStrings.html]
[sanatandharmajagruti.in/core.html]
[sanatandharmajagruti.in/app.html]
[sanatandharmajagruti.in/workbook.html]
[sanatandharmajagruti.in/sheet{0}.html]
[sanatandharmajagruti.in/[Content_Types].html]
[sanatandharmajagruti.in/GET.html]
[sanatandharmajagruti.in/POST.html]
[sanatandharmajagruti.in/youtube.com/_youtu.be/index.html]
[sanatandharmajagruti.in/_rels/workbook.html]
[sanatandharmajagruti.in/xl/sharedStrings.html]
[sanatandharmajagruti.in/xl/styles.html]
[sanatandharmajagruti.in/CONFIDENCE.html]
[sanatandharmajagruti.in/_ID_CARD.html]
[sanatandharmajagruti.in/_Appointment_letter.html]
[cdn.jsdelivr.net/npm/bootstrap@4.6.1/dist/css/bootstrap.min.css]
[sanatandharmajagruti.in/_Certificate.html]
